// Jest Snapshot v1, https://goo.gl/fbAQLP

exports[`Change Password Component renders without crashing 1`] = `
<div>
  <h3
    style={
      Object {
        "marginTop": 20,
      }
    }
  >
     Change Password
  </h3>
  <form>
    <TextField
      disabled={false}
      floatingLabelFixed={false}
      floatingLabelText="New password"
      fullWidth={false}
      hintText="Enter your new password"
      multiLine={false}
      onChange={[Function]}
      rows={1}
      type="password"
      underlineShow={true}
    />
    <br />
    <RaisedButton
      disabled={false}
      fullWidth={false}
      label="Submit"
      labelPosition="after"
      onClick={[Function]}
      primary={false}
      secondary={true}
      type="submit"
    />
  </form>
</div>
`;
