// Jest Snapshot v1, https://goo.gl/fbAQLP

exports[`DashboardComponent renders without crashing 1`] = `
<MuiThemeProvider>
  <div
    className="landing"
  >
    <AppBar
      iconElementRight={
        <FlatButton
          disabled={false}
          fullWidth={false}
          label="Logout"
          labelPosition="after"
          labelStyle={Object {}}
          onClick={[Function]}
          onKeyboardFocus={[Function]}
          onMouseEnter={[Function]}
          onMouseLeave={[Function]}
          onTouchStart={[Function]}
          primary={false}
          secondary={false}
          style={
            Object {
              "backgroundColor": "transparent",
              "color": "white",
            }
          }
        />
      }
      onLeftIconButtonClick={[Function]}
      showMenuIconButton={false}
      style={
        Object {
          "backgroundColor": "#f57c00",
        }
      }
      title=""
      zDepth={1}
    >
      <_class
        options={
          Object {
            "zIndex": 5000,
          }
        }
      />
    </AppBar>
    <LeftDrawer />
    <Paper
      circle={false}
      rounded={true}
      style={
        Object {
          "backgroundColor": "transparent",
          "display": "inline-block",
          "height": "85%",
          "marginLeft": "19%",
          "textAlign": "center",
          "width": "80%",
        }
      }
      transitionEnabled={true}
      zDepth={5}
    >
      <div>
        <Route
          component={[Function]}
          exact={true}
          path="/dashboard/"
        />
        <Route
          component={[Function]}
          exact={true}
          path="/dashboard/categories"
        />
        <Route
          component={[Function]}
          exact={true}
          path="/dashboard/category/:id/recipes/"
        />
        <Route
          component={[Function]}
          exact={true}
          path="/dashboard/change-password"
        />
      </div>
    </Paper>
    <Navigation />
  </div>
</MuiThemeProvider>
`;
