// Jest Snapshot v1, https://goo.gl/fbAQLP

exports[`Recipes Component renders without crashing 1`] = `
<div>
  <div>
    <Dialog
      actions={
        Array [
          <FlatButton
            disabled={false}
            fullWidth={false}
            keyboardFocused={true}
            label="submit"
            labelPosition="after"
            labelStyle={Object {}}
            onClick={[Function]}
            onKeyboardFocus={[Function]}
            onMouseEnter={[Function]}
            onMouseLeave={[Function]}
            onTouchStart={[Function]}
            primary={true}
            secondary={false}
          />,
          <FlatButton
            disabled={false}
            fullWidth={false}
            keyboardFocused={false}
            label="close"
            labelPosition="after"
            labelStyle={Object {}}
            onClick={[Function]}
            onKeyboardFocus={[Function]}
            onMouseEnter={[Function]}
            onMouseLeave={[Function]}
            onTouchStart={[Function]}
            primary={false}
            secondary={false}
          />,
        ]
      }
      autoDetectWindowHeight={true}
      autoScrollBodyContent={false}
      modal={false}
      onRequestClose={[Function]}
      open={false}
      repositionOnUpdate={true}
      title="Add a new recipe"
    >
      <form
        onSubmit={[Function]}
      >
        <TextField
          disabled={false}
          floatingLabelFixed={false}
          floatingLabelText="Recipe title"
          fullWidth={true}
          hintText="Enter recipe title"
          multiLine={false}
          name="title"
          onChange={[Function]}
          rows={1}
          type="text"
          underlineShow={true}
        />
        <br />
        <TextField
          disabled={false}
          floatingLabelFixed={false}
          floatingLabelText="Recipe body"
          fullWidth={true}
          hintText="Enter recipe body"
          multiLine={true}
          name="body"
          onChange={[Function]}
          rows={2}
          rowsMax={4}
          type="text"
          underlineShow={true}
        />
      </form>
    </Dialog>
    <Dialog
      actions={
        Array [
          <FlatButton
            disabled={false}
            fullWidth={false}
            keyboardFocused={true}
            label="submit"
            labelPosition="after"
            labelStyle={Object {}}
            onClick={[Function]}
            onKeyboardFocus={[Function]}
            onMouseEnter={[Function]}
            onMouseLeave={[Function]}
            onTouchStart={[Function]}
            primary={true}
            secondary={false}
          />,
          <FlatButton
            disabled={false}
            fullWidth={false}
            keyboardFocused={false}
            label="close"
            labelPosition="after"
            labelStyle={Object {}}
            onClick={[Function]}
            onKeyboardFocus={[Function]}
            onMouseEnter={[Function]}
            onMouseLeave={[Function]}
            onTouchStart={[Function]}
            primary={false}
            secondary={false}
          />,
        ]
      }
      autoDetectWindowHeight={true}
      autoScrollBodyContent={false}
      modal={false}
      onRequestClose={[Function]}
      open={false}
      repositionOnUpdate={true}
      title="Edit recipe:  undefined"
    >
      <form
        onSubmit={[Function]}
      >
        <TextField
          disabled={false}
          floatingLabelFixed={false}
          floatingLabelText="Recipe title"
          fullWidth={true}
          hintText="Enter recipe title"
          multiLine={false}
          name="title"
          onChange={[Function]}
          rows={1}
          type="text"
          underlineShow={true}
        />
        <br />
        <TextField
          disabled={false}
          floatingLabelFixed={false}
          floatingLabelText="Recipe body"
          fullWidth={true}
          hintText="Enter recipe body"
          multiLine={true}
          name="body"
          onChange={[Function]}
          rows={4}
          rowsMax={4}
          type="text"
          underlineShow={true}
        />
      </form>
    </Dialog>
    <Grid>
      <GridColumn
        width={5}
      >
        <FloatingActionButton
          disabled={false}
          mini={false}
          onClick={[Function]}
          secondary={true}
          style={
            Object {
              "marginTop": 10,
            }
          }
          zDepth={2}
        >
          <ContentAdd />
        </FloatingActionButton>
      </GridColumn>
      <GridColumn
        width={5}
      >
        <h2
          style={
            Object {
              "marginTop": 20,
            }
          }
        >
          <b>
            Recipes
          </b>
        </h2>
        <label>
           
           
        </label>
      </GridColumn>
      <GridColumn
        floated="right"
        width={5}
      >
        <TextField
          class="form-control"
          disabled={false}
          floatingLabelFixed={false}
          fullWidth={false}
          multiLine={false}
          name="keyword_search"
          onChange={[Function]}
          placeholder="Search for a recipe..."
          rows={1}
          style={
            Object {
              "marginTop": 16,
            }
          }
          type="text"
          underlineShow={true}
        />
      </GridColumn>
      <GridColumn
        width={12}
      />
    </Grid>
    <div
      style={
        Object {
          "justifyContent": "space-around",
          "marginLeft": 40,
        }
      }
    >
      <Grid
        columns={3}
        divided={true}
      >
        <GridRow />
      </Grid>
    </div>
  </div>
  <div>
    <Pagination
      onChange={[Function]}
      styleButton={null}
      styleFirstPageLink={null}
      styleLastPageLink={null}
      stylePrimary={null}
      styleRoot={null}
    />
  </div>
</div>
`;
